// Jest Snapshot v1, https://goo.gl/fbAQLP

exports[`matches snapshot 1`] = `
<DocumentFragment>
  <div>
    <ul>
      <li />
      <button>
        X
      </button>
    </ul>
  </div>
</DocumentFragment>
`;
